Running simulation iteration 19 
Starting iteration: 19
Baseline Scenarios GPS for iteration  19[1] "using cluster"
        1         2         3 
 53.20372  37.12237 284.02675 
[1] "using random number gen"
[1] "using random number gen"
[1] "using random number gen"
[1] "using random number gen"
[1] "using random number gen"
[1] "using random number gen"
[1] "using random number gen"
[1] "using random number gen"
[1] "using random number gen"
[1] "using random number gen"
[1] "using random number gen"
[1] "using random number gen"
[1] "using random number gen"
[1] "using random number gen"
[1] "using random number gen"
[1] "using random number gen"
[1] "using random number gen"
[1] "using random number gen"
[1] "using random number gen"
Best log-likelihood: -5879.898 

Coarse Scenario for iteration  19[1] "using cluster"
        1         2         3 
 24.35342 130.40905 270.65436 
[1] "using random number gen"
[1] "using random number gen"
[1] "using random number gen"
[1] "using random number gen"
[1] "using random number gen"
[1] "using random number gen"
[1] "using random number gen"
[1] "using random number gen"
[1] "using random number gen"
[1] "using random number gen"
[1] "using random number gen"
[1] "using random number gen"
[1] "using random number gen"
[1] "using random number gen"
[1] "using random number gen"
[1] "using random number gen"
[1] "using random number gen"
[1] "using random number gen"
[1] "using random number gen"
Best log-likelihood: -5331.898 

Summary Mean Scenario for iteration  19[1] "using cluster"
         1          2          3 
 49.236338   5.102431 240.051441 
[1] "using random number gen"
[1] "using random number gen"
[1] "using random number gen"
[1] "using random number gen"
[1] "using random number gen"
[1] "using random number gen"
[1] "using random number gen"
[1] "using random number gen"
[1] "using random number gen"
[1] "using random number gen"
[1] "using random number gen"
[1] "using random number gen"
[1] "using random number gen"
[1] "using random number gen"
[1] "using random number gen"
[1] "using random number gen"
[1] "using random number gen"
[1] "using random number gen"
[1] "using random number gen"
Best log-likelihood: -3890.885 

Summary Variance Scenario for iteration  19[1] "using cluster"
        1         2         3 
 60.11482  11.22148 252.44512 
[1] "using random number gen"
[1] "using random number gen"
[1] "using random number gen"
[1] "using random number gen"
[1] "using random number gen"
[1] "using random number gen"
[1] "using random number gen"
[1] "using random number gen"
[1] "using random number gen"
[1] "using random number gen"
[1] "using random number gen"
[1] "using random number gen"
[1] "using random number gen"
[1] "using random number gen"
[1] "using random number gen"
[1] "using random number gen"
[1] "using random number gen"
[1] "using random number gen"
[1] "using random number gen"
Best log-likelihood: -2934.058 
       true
decoded   1   2   3
      1 404   0   0
      2  33 136   0
      3   0   0 327
[1] 0.9633333

Summary Median Scenario for iteration  19[1] "using cluster"
         1          2          3 
  8.727123  49.158047 244.118252 
[1] "using random number gen"
[1] "using random number gen"
[1] "using random number gen"
[1] "using random number gen"
[1] "using random number gen"
[1] "using random number gen"
[1] "using random number gen"
[1] "using random number gen"
[1] "using random number gen"
[1] "using random number gen"
[1] "using random number gen"
[1] "using random number gen"
[1] "using random number gen"
[1] "using random number gen"
[1] "using random number gen"
[1] "using random number gen"
[1] "using random number gen"
[1] "using random number gen"
[1] "using random number gen"
Best log-likelihood: -3977.806 
       true
decoded   1   2   3
      1 435   0   0
      2   2 136   0
      3   0   0 327
[1] 0.9977778

Summars Stats Scenario for iteration  19[1] "using cluster"
         1          2          3 
234.475884  49.576197   3.698551 
[1] "using random number gen"
[1] "using random number gen"
[1] "using random number gen"
[1] "using random number gen"
[1] "using random number gen"
[1] "using random number gen"
[1] "using random number gen"
[1] "using random number gen"
[1] "using random number gen"
[1] "using random number gen"
[1] "using random number gen"
[1] "using random number gen"
[1] "using random number gen"
[1] "using random number gen"
[1] "using random number gen"
[1] "using random number gen"
[1] "using random number gen"
[1] "using random number gen"
[1] "using random number gen"
Best log-likelihood: -6097.615 

Density Scenario for iteration  19[1] "using cluster"
        1         2         3 
 53.20372  37.12237 284.02675 
[1] "using random number gen"
[1] "using random number gen"
[1] "using random number gen"
[1] "using random number gen"
[1] "using random number gen"
[1] "using random number gen"
[1] "using random number gen"
[1] "using random number gen"
[1] "using random number gen"
[1] "using random number gen"
[1] "using random number gen"
[1] "using random number gen"
[1] "using random number gen"
[1] "using random number gen"
[1] "using random number gen"
[1] "using random number gen"
[1] "using random number gen"
[1] "using random number gen"
[1] "using random number gen"
Best log-likelihood: 1320.113 

Quantile Scenario for iteration  19[1] "using cluster"
        1         2         3 
 53.20372  37.12237 284.02675 
[1] "using random number gen"
[1] "using random number gen"
[1] "using random number gen"
[1] "using random number gen"
[1] "using random number gen"
[1] "using random number gen"
[1] "using random number gen"
[1] "using random number gen"
[1] "using random number gen"
[1] "using random number gen"
[1] "using random number gen"
[1] "using random number gen"
[1] "using random number gen"
[1] "using random number gen"
[1] "using random number gen"
[1] "using random number gen"
[1] "using random number gen"
[1] "using random number gen"
[1] "using random number gen"
Best log-likelihood: 8119.563 
Saved sim_results/run_0019.rds
