Running simulation iteration 7 
Starting iteration: 7
Baseline Scenarios GPS for iteration  7[1] "using cluster"
        1         2         3 
 33.23962  29.64962 280.57500 
[1] "using random number gen"
[1] "using random number gen"
[1] "using random number gen"
[1] "using random number gen"
[1] "using random number gen"
[1] "using random number gen"
[1] "using random number gen"
[1] "using random number gen"
[1] "using random number gen"
[1] "using random number gen"
[1] "using random number gen"
[1] "using random number gen"
[1] "using random number gen"
[1] "using random number gen"
[1] "using random number gen"
[1] "using random number gen"
[1] "using random number gen"
[1] "using random number gen"
[1] "using random number gen"
Best log-likelihood: -5156.504 

Coarse Scenario for iteration  7[1] "using cluster"
        1         2         3 
272.53464  18.87213 146.63194 
[1] "using random number gen"
[1] "using random number gen"
[1] "using random number gen"
[1] "using random number gen"
[1] "using random number gen"
[1] "using random number gen"
[1] "using random number gen"
[1] "using random number gen"
[1] "using random number gen"
[1] "using random number gen"
[1] "using random number gen"
[1] "using random number gen"
[1] "using random number gen"
[1] "using random number gen"
[1] "using random number gen"
[1] "using random number gen"
[1] "using random number gen"
[1] "using random number gen"
[1] "using random number gen"
Best log-likelihood: -4543.434 

Summary Mean Scenario for iteration  7[1] "using cluster"
          1           2           3 
  0.9189056  56.2014057 275.2604504 
[1] "using random number gen"
[1] "using random number gen"
[1] "using random number gen"
[1] "using random number gen"
[1] "using random number gen"
[1] "using random number gen"
[1] "using random number gen"
[1] "using random number gen"
[1] "using random number gen"
[1] "using random number gen"
[1] "using random number gen"
[1] "using random number gen"
[1] "using random number gen"
[1] "using random number gen"
[1] "using random number gen"
[1] "using random number gen"
[1] "using random number gen"
[1] "using random number gen"
[1] "using random number gen"
Best log-likelihood: -3266.246 

Summary Variance Scenario for iteration  7[1] "using cluster"
         1          2          3 
  6.739691  61.892213 278.256239 
[1] "using random number gen"
[1] "using random number gen"
[1] "using random number gen"
[1] "using random number gen"
[1] "using random number gen"
[1] "using random number gen"
[1] "using random number gen"
[1] "using random number gen"
[1] "using random number gen"
[1] "using random number gen"
[1] "using random number gen"
[1] "using random number gen"
[1] "using random number gen"
[1] "using random number gen"
[1] "using random number gen"
[1] "using random number gen"
[1] "using random number gen"
[1] "using random number gen"
[1] "using random number gen"
Best log-likelihood: -2302.131 
       true
decoded   1   2   3
      1 437   0   0
      2   0 135   5
      3   0   1 322
[1] 0.9933333

Summary Median Scenario for iteration  7[1] "using cluster"
          1           2           3 
  0.9229418  57.7904324 275.6397892 
[1] "using random number gen"
[1] "using random number gen"
[1] "using random number gen"
[1] "using random number gen"
[1] "using random number gen"
[1] "using random number gen"
[1] "using random number gen"
[1] "using random number gen"
[1] "using random number gen"
[1] "using random number gen"
[1] "using random number gen"
[1] "using random number gen"
[1] "using random number gen"
[1] "using random number gen"
[1] "using random number gen"
[1] "using random number gen"
[1] "using random number gen"
[1] "using random number gen"
[1] "using random number gen"
Best log-likelihood: -3335.936 
       true
decoded   1   2   3
      1 437   0   0
      2   0 135   0
      3   0   1 327
[1] 0.9988889

Summars Stats Scenario for iteration  7[1] "using cluster"
         1          2          3 
276.553959  56.478290   3.524495 
[1] "using random number gen"
[1] "using random number gen"
[1] "using random number gen"
[1] "using random number gen"
[1] "using random number gen"
[1] "using random number gen"
[1] "using random number gen"
[1] "using random number gen"
[1] "using random number gen"
[1] "using random number gen"
[1] "using random number gen"
[1] "using random number gen"
[1] "using random number gen"
[1] "using random number gen"
[1] "using random number gen"
[1] "using random number gen"
[1] "using random number gen"
[1] "using random number gen"
[1] "using random number gen"
Best log-likelihood: -6923.178 

Density Scenario for iteration  7[1] "using cluster"
        1         2         3 
 33.23962  29.64962 280.57500 
[1] "using random number gen"
[1] "using random number gen"
[1] "using random number gen"
[1] "using random number gen"
[1] "using random number gen"
[1] "using random number gen"
[1] "using random number gen"
[1] "using random number gen"
[1] "using random number gen"
[1] "using random number gen"
[1] "using random number gen"
[1] "using random number gen"
[1] "using random number gen"
[1] "using random number gen"
[1] "using random number gen"
[1] "using random number gen"
[1] "using random number gen"
[1] "using random number gen"
[1] "using random number gen"
Best log-likelihood: 1700.987 

Quantile Scenario for iteration  7[1] "using cluster"
        1         2         3 
 33.23962  29.64962 280.57500 
[1] "using random number gen"
[1] "using random number gen"
[1] "using random number gen"
[1] "using random number gen"
[1] "using random number gen"
[1] "using random number gen"
[1] "using random number gen"
[1] "using random number gen"
[1] "using random number gen"
[1] "using random number gen"
[1] "using random number gen"
[1] "using random number gen"
[1] "using random number gen"
[1] "using random number gen"
[1] "using random number gen"
[1] "using random number gen"
[1] "using random number gen"
[1] "using random number gen"
[1] "using random number gen"
Best log-likelihood: 8831.008 
Saved sim_results/run_0007.rds
