Running simulation iteration 1 
Starting iteration: 1
Baseline Scenarios GPS for iteration  1[1] "using cluster"
        1         2         3 
 46.07443  27.39451 292.47121 
[1] "using random number gen"
[1] "using random number gen"
[1] "using random number gen"
[1] "using random number gen"
[1] "using random number gen"
[1] "using random number gen"
[1] "using random number gen"
[1] "using random number gen"
[1] "using random number gen"
[1] "using random number gen"
[1] "using random number gen"
[1] "using random number gen"
[1] "using random number gen"
[1] "using random number gen"
[1] "using random number gen"
[1] "using random number gen"
[1] "using random number gen"
[1] "using random number gen"
[1] "using random number gen"
Best log-likelihood: -5219.959 

Coarse Scenario for iteration  1[1] "using cluster"
        1         2         3 
 21.76152  63.34196 276.79757 
[1] "using random number gen"
[1] "using random number gen"
[1] "using random number gen"
[1] "using random number gen"
[1] "using random number gen"
[1] "using random number gen"
[1] "using random number gen"
[1] "using random number gen"
[1] "using random number gen"
[1] "using random number gen"
[1] "using random number gen"
[1] "using random number gen"
[1] "using random number gen"
[1] "using random number gen"
[1] "using random number gen"
[1] "using random number gen"
[1] "using random number gen"
[1] "using random number gen"
[1] "using random number gen"
Best log-likelihood: -4754.532 

Summary Mean Scenario for iteration  1[1] "using cluster"
         1          2          3 
  1.110434   8.270943 244.976303 
[1] "using random number gen"
[1] "using random number gen"
[1] "using random number gen"
[1] "using random number gen"
[1] "using random number gen"
[1] "using random number gen"
[1] "using random number gen"
[1] "using random number gen"
[1] "using random number gen"
[1] "using random number gen"
[1] "using random number gen"
[1] "using random number gen"
[1] "using random number gen"
[1] "using random number gen"
[1] "using random number gen"
[1] "using random number gen"
[1] "using random number gen"
[1] "using random number gen"
[1] "using random number gen"
Best log-likelihood: -3367.204 

Summary Variance Scenario for iteration  1[1] "using cluster"
         1          2          3 
256.699249   6.016072  14.513148 
[1] "using random number gen"
[1] "using random number gen"
[1] "using random number gen"
[1] "using random number gen"
[1] "using random number gen"
[1] "using random number gen"
[1] "using random number gen"
[1] "using random number gen"
[1] "using random number gen"
[1] "using random number gen"
[1] "using random number gen"
[1] "using random number gen"
[1] "using random number gen"
[1] "using random number gen"
[1] "using random number gen"
[1] "using random number gen"
[1] "using random number gen"
[1] "using random number gen"
[1] "using random number gen"
Best log-likelihood: -2499.937 
       true
decoded   1   2   3
      1 437   0   0
      3   0 136   0
      2   0   0 327
[1] 1

Summary Median Scenario for iteration  1[1] "using cluster"
         1          2          3 
  2.346135   9.796415 247.397767 
[1] "using random number gen"
[1] "using random number gen"
[1] "using random number gen"
[1] "using random number gen"
[1] "using random number gen"
[1] "using random number gen"
[1] "using random number gen"
[1] "using random number gen"
[1] "using random number gen"
[1] "using random number gen"
[1] "using random number gen"
[1] "using random number gen"
[1] "using random number gen"
[1] "using random number gen"
[1] "using random number gen"
[1] "using random number gen"
[1] "using random number gen"
[1] "using random number gen"
[1] "using random number gen"
Best log-likelihood: -3446.671 
       true
decoded   1   2   3
      1 437   0   0
      2   0 136   0
      3   0   0 327
[1] 1

Summars Stats Scenario for iteration  1[1] "using cluster"
         1          2          3 
233.780062   2.150223   4.164974 
[1] "using random number gen"
[1] "using random number gen"
[1] "using random number gen"
[1] "using random number gen"
[1] "using random number gen"
[1] "using random number gen"
[1] "using random number gen"
[1] "using random number gen"
[1] "using random number gen"
[1] "using random number gen"
[1] "using random number gen"
[1] "using random number gen"
[1] "using random number gen"
[1] "using random number gen"
[1] "using random number gen"
[1] "using random number gen"
[1] "using random number gen"
[1] "using random number gen"
[1] "using random number gen"
Best log-likelihood: -5559.336 

Density Scenario for iteration  1[1] "using cluster"
        1         2         3 
 46.07443  27.39451 292.47121 
[1] "using random number gen"
[1] "using random number gen"
[1] "using random number gen"
[1] "using random number gen"
[1] "using random number gen"
[1] "using random number gen"
[1] "using random number gen"
[1] "using random number gen"
[1] "using random number gen"
[1] "using random number gen"
[1] "using random number gen"
[1] "using random number gen"
[1] "using random number gen"
[1] "using random number gen"
[1] "using random number gen"
[1] "using random number gen"
[1] "using random number gen"
[1] "using random number gen"
[1] "using random number gen"
Best log-likelihood: 1778.901 

Quantile Scenario for iteration  1[1] "using cluster"
        1         2         3 
 46.07443  27.39451 292.47121 
[1] "using random number gen"
[1] "using random number gen"
[1] "using random number gen"
[1] "using random number gen"
[1] "using random number gen"
[1] "using random number gen"
[1] "using random number gen"
[1] "using random number gen"
[1] "using random number gen"
[1] "using random number gen"
[1] "using random number gen"
[1] "using random number gen"
[1] "using random number gen"
[1] "using random number gen"
[1] "using random number gen"
[1] "using random number gen"
[1] "using random number gen"
[1] "using random number gen"
[1] "using random number gen"
Best log-likelihood: 8763.421 
Saved sim_results/run_0001.rds
