Running simulation iteration 14 
Starting iteration: 14
Baseline Scenarios GPS for iteration  14[1] "using cluster"
        1         2         3 
285.36228  28.06520  44.19653 
[1] "using random number gen"
[1] "using random number gen"
[1] "using random number gen"
[1] "using random number gen"
[1] "using random number gen"
[1] "using random number gen"
[1] "using random number gen"
[1] "using random number gen"
[1] "using random number gen"
[1] "using random number gen"
[1] "using random number gen"
[1] "using random number gen"
[1] "using random number gen"
[1] "using random number gen"
[1] "using random number gen"
[1] "using random number gen"
[1] "using random number gen"
[1] "using random number gen"
[1] "using random number gen"
Best log-likelihood: -10300.01 

Coarse Scenario for iteration  14[1] "using cluster"
        1         2         3 
265.19926  16.80105  76.91387 
[1] "using random number gen"
[1] "using random number gen"
[1] "using random number gen"
[1] "using random number gen"
[1] "using random number gen"
[1] "using random number gen"
[1] "using random number gen"
[1] "using random number gen"
[1] "using random number gen"
[1] "using random number gen"
[1] "using random number gen"
[1] "using random number gen"
[1] "using random number gen"
[1] "using random number gen"
[1] "using random number gen"
[1] "using random number gen"
[1] "using random number gen"
[1] "using random number gen"
[1] "using random number gen"
Best log-likelihood: -9434.077 

Summary Mean Scenario for iteration  14[1] "using cluster"
         1          2          3 
234.807738   6.000082   2.200036 
[1] "using random number gen"
[1] "using random number gen"
[1] "using random number gen"
[1] "using random number gen"
[1] "using random number gen"
[1] "using random number gen"
[1] "using random number gen"
[1] "using random number gen"
[1] "using random number gen"
[1] "using random number gen"
[1] "using random number gen"
[1] "using random number gen"
[1] "using random number gen"
[1] "using random number gen"
[1] "using random number gen"
[1] "using random number gen"
[1] "using random number gen"
[1] "using random number gen"
[1] "using random number gen"
Best log-likelihood: -6601.245 

Summary Variance Scenario for iteration  14[1] "using cluster"
         1          2          3 
246.744577  11.743329   8.943218 
[1] "using random number gen"
[1] "using random number gen"
[1] "using random number gen"
[1] "using random number gen"
[1] "using random number gen"
[1] "using random number gen"
[1] "using random number gen"
[1] "using random number gen"
[1] "using random number gen"
[1] "using random number gen"
[1] "using random number gen"
[1] "using random number gen"
[1] "using random number gen"
[1] "using random number gen"
[1] "using random number gen"
[1] "using random number gen"
[1] "using random number gen"
[1] "using random number gen"
[1] "using random number gen"
Best log-likelihood: -4864.24 
       true
decoded   1   2   3
      1 860   0   0
      3   0 289   0
      2   0   0 651
[1] 1

Summary Median Scenario for iteration  14[1] "using cluster"
         1          2          3 
239.318428   8.083014   3.180308 
[1] "using random number gen"
[1] "using random number gen"
[1] "using random number gen"
[1] "using random number gen"
[1] "using random number gen"
[1] "using random number gen"
[1] "using random number gen"
[1] "using random number gen"
[1] "using random number gen"
[1] "using random number gen"
[1] "using random number gen"
[1] "using random number gen"
[1] "using random number gen"
[1] "using random number gen"
[1] "using random number gen"
[1] "using random number gen"
[1] "using random number gen"
[1] "using random number gen"
[1] "using random number gen"
Best log-likelihood: -6718.129 
       true
decoded   1   2   3
      1 860   0   0
      2   0 289   0
      3   0   0 651
[1] 1

Summars Stats Scenario for iteration  14[1] "using cluster"
         1          2          3 
225.940336   2.976469   2.976524 
[1] "using random number gen"
[1] "using random number gen"
[1] "using random number gen"
[1] "using random number gen"
[1] "using random number gen"
[1] "using random number gen"
[1] "using random number gen"
[1] "using random number gen"
[1] "using random number gen"
[1] "using random number gen"
[1] "using random number gen"
[1] "using random number gen"
[1] "using random number gen"
[1] "using random number gen"
[1] "using random number gen"
[1] "using random number gen"
[1] "using random number gen"
[1] "using random number gen"
[1] "using random number gen"
Best log-likelihood: -10998.25 

Density Scenario for iteration  14[1] "using cluster"
        1         2         3 
285.36228  28.06520  44.19653 
[1] "using random number gen"
[1] "using random number gen"
[1] "using random number gen"
[1] "using random number gen"
[1] "using random number gen"
[1] "using random number gen"
[1] "using random number gen"
[1] "using random number gen"
[1] "using random number gen"
[1] "using random number gen"
[1] "using random number gen"
[1] "using random number gen"
[1] "using random number gen"
[1] "using random number gen"
[1] "using random number gen"
[1] "using random number gen"
[1] "using random number gen"
[1] "using random number gen"
[1] "using random number gen"
Best log-likelihood: 3792.101 

Quantile Scenario for iteration  14[1] "using cluster"
        1         2         3 
285.36228  28.06520  44.19653 
[1] "using random number gen"
[1] "using random number gen"
[1] "using random number gen"
[1] "using random number gen"
[1] "using random number gen"
[1] "using random number gen"
[1] "using random number gen"
[1] "using random number gen"
[1] "using random number gen"
[1] "using random number gen"
[1] "using random number gen"
[1] "using random number gen"
[1] "using random number gen"
[1] "using random number gen"
[1] "using random number gen"
[1] "using random number gen"
[1] "using random number gen"
[1] "using random number gen"
[1] "using random number gen"
Best log-likelihood: 17552.96 
Saved sim_results/run_0014.rds
